#./src/main/resources/Entities.map
#Tue Apr 30 16:56:34 CEST 2019
problem6=724
application4=736
problem5=723
application3=735
problem4=722
application2=734
message3=729
problem3=721
positionDataRookie1Copy=699
application1=738
message2=727
problem2=720
problem1=719
message1=684
item4=715
educationalDataRookie1=693
item3=714
configuration1=725
item2=713
item1=712
curriculaRookie2Copy=704
curricula1Rookie1Copy=695
personalData1Rookie1Copy=697
finderRookie2=689
curriculaRookie2Copy3=708
finderRookie1=688
curriculaRookie2Copy2=706
personalDataRookie2Copy3=709
personalDataRookie2Copy2=707
curricula1Rookie1=690
socialProfileRookie1=687
curricula2Rookie1=700
personalData1Rookie1=692
rookie2=728
rookie1=737
personalData2Rookie1=701
miscellaneousDataRookie1=691
positionDataRookie1=694
socialProfileCompany1=686
company2=685
provider2=711
company1=683
userAccount7=681
userAccount6=680
provider1=710
userAccount5=679
userAccount4=678
userAccount3=677
userAccount2=676
userAccount1=675
personalDataRookie2=703
personalDataRookie2Copy=705
curriculaRookie2=702
sponsorship4=733
admin1=726
sponsorship3=732
sponsorship2=731
sponsorship1=730
position3=718
socialProfileAdmin1=682
position2=717
educationalDataRookie1Copy=698
position1=716
miscellaneousDataRookie1Copy=696
